// Jest Snapshot v1, https://goo.gl/fbAQLP

exports[`UpgradeAllButton should render 1`] = `
<form
  action="/job_invocations/new"
  method="post"
>
  <Button
    active={false}
    block={false}
    bsClass="btn"
    bsStyle="default"
    disabled={false}
    type="submit"
  >
    Run Upgrade
  </Button>
  <input
    name="authenticity_token"
    type="hidden"
    value="abcd"
  />
  <input
    name="feature"
    type="hidden"
    value="leapp_upgrade"
  />
</form>
`;
