// Jest Snapshot v1, https://goo.gl/fbAQLP

exports[`InhibitorInfoItem should render when inhibitor 1`] = `
<InfoItem
  itemId="inhibitor-5"
  tooltipText="This issue inhibits the upgrade."
>
  <span>
    <Icon
      className="severity-high"
      name="security"
      type="pf"
    />
    Inhibitor
  </span>
</InfoItem>
`;

exports[`InhibitorInfoItem should render when not inhibitor 1`] = `
<EmptyInfoItem
  attr="inhibitor"
  entry={
    Object {
      "flags": Array [],
      "id": 5,
      "preupgradeReportId": 7,
      "severity": "low",
      "title": "no title",
    }
  }
/>
`;
