// Jest Snapshot v1, https://goo.gl/fbAQLP

exports[`PreupgradeReportsListHeader should render 1`] = `
<ListViewItem
  actions={null}
  additionalInfo={
    Array [
      <InfoItem
        itemId="0"
        tooltipText=""
      >
        <strong>
          <SortableHeaderItem
            changeSort={[Function]}
            sort={
              Object {
                "attribute": "",
                "order": "asc",
              }
            }
            title="Host"
            value="hostname"
          />
        </strong>
      </InfoItem>,
      <InfoItem
        itemId="1"
        tooltipText=""
      >
        <strong>
          <SortableHeaderItem
            changeSort={[Function]}
            sort={
              Object {
                "attribute": "",
                "order": "asc",
              }
            }
            title="Severity"
            value="severity"
          />
        </strong>
      </InfoItem>,
      <InfoItem
        itemId="2"
        tooltipText=""
      >
        <strong>
          <SortableHeaderItem
            changeSort={[Function]}
            sort={
              Object {
                "attribute": "",
                "order": "asc",
              }
            }
            title="Has Remediation?"
            value="fix"
          />
        </strong>
      </InfoItem>,
    ]
  }
  checkboxInput={
    <input
      onClick={[Function]}
      type="checkbox"
    />
  }
  className="listViewItem--listItemVariants list-view-header"
  compoundExpand={false}
  compoundExpanded={false}
  description={
    <SortableHeaderItem
      changeSort={[Function]}
      sort={
        Object {
          "attribute": "",
          "order": "asc",
        }
      }
      title="Title"
      value="title"
    />
  }
  heading={null}
  hideCloseIcon={true}
  initExpanded={false}
  leftContent={null}
  onCloseCompoundExpand={[Function]}
  onExpand={[Function]}
  onExpandClose={[Function]}
  stacked={true}
/>
`;
